// Jest Snapshot v1, https://jestjs.io/docs/snapshot-testing

exports[`LineChart matches snapshot 1`] = `
<div>
  <div
    class="chart-class"
  >
    <div
      class="recharts-wrapper"
      style="position: relative; cursor: default; width: 400px; height: 300px;"
    >
      <svg
        class="recharts-surface"
        height="300"
        style="width: 100%; height: 100%;"
        viewBox="0 0 400 300"
        width="400"
      >
        <title />
        <desc />
        <defs>
          <clippath
            id="recharts1-clip"
          >
            <rect
              height="270"
              width="376"
              x="12"
              y="0"
            />
          </clippath>
        </defs>
        <g
          class="recharts-cartesian-grid"
        >
          <g
            class="recharts-cartesian-grid-horizontal"
          >
            <line
              fill="none"
              height="270"
              stroke="#ccc"
              width="376"
              x="12"
              x1="12"
              x2="388"
              y="0"
              y1="270"
              y2="270"
            />
            <line
              fill="none"
              height="270"
              stroke="#ccc"
              width="376"
              x="12"
              x1="12"
              x2="388"
              y="0"
              y1="202.5"
              y2="202.5"
            />
            <line
              fill="none"
              height="270"
              stroke="#ccc"
              width="376"
              x="12"
              x1="12"
              x2="388"
              y="0"
              y1="135"
              y2="135"
            />
            <line
              fill="none"
              height="270"
              stroke="#ccc"
              width="376"
              x="12"
              x1="12"
              x2="388"
              y="0"
              y1="67.5"
              y2="67.5"
            />
            <line
              fill="none"
              height="270"
              stroke="#ccc"
              width="376"
              x="12"
              x1="12"
              x2="388"
              y="0"
              y1="0"
              y2="0"
            />
          </g>
        </g>
        <g
          class="recharts-layer recharts-cartesian-axis recharts-xAxis xAxis"
        >
          <g
            class="recharts-cartesian-axis-ticks"
          >
            <g
              class="recharts-layer recharts-cartesian-axis-tick"
            >
              <text
                class="recharts-text recharts-cartesian-axis-tick-value"
                fill="#666"
                height="30"
                orientation="bottom"
                stroke="none"
                text-anchor="middle"
                width="376"
                x="12"
                y="284"
              >
                <tspan
                  dy="0.71em"
                  x="12"
                >
                  Jan
                </tspan>
              </text>
            </g>
            <g
              class="recharts-layer recharts-cartesian-axis-tick"
            >
              <text
                class="recharts-text recharts-cartesian-axis-tick-value"
                fill="#666"
                height="30"
                orientation="bottom"
                stroke="none"
                text-anchor="middle"
                width="376"
                x="200"
                y="284"
              >
                <tspan
                  dy="0.71em"
                  x="200"
                >
                  Feb
                </tspan>
              </text>
            </g>
            <g
              class="recharts-layer recharts-cartesian-axis-tick"
            >
              <text
                class="recharts-text recharts-cartesian-axis-tick-value"
                fill="#666"
                height="30"
                orientation="bottom"
                stroke="none"
                text-anchor="middle"
                width="376"
                x="388"
                y="284"
              >
                <tspan
                  dy="0.71em"
                  x="388"
                >
                  Mar
                </tspan>
              </text>
            </g>
          </g>
        </g>
        <g
          class="recharts-layer recharts-line"
        >
          <path
            class="recharts-curve recharts-line-curve"
            d="M12,135C74.66666666666666,73.125,137.33333333333331,11.25,200,0C262.6666666666667,-11.25,325.33333333333337,28.125,388,67.5"
            fill="none"
            height="270"
            stroke="var(--color-line, #2563eb)"
            stroke-width="2"
            width="376"
          />
          <g
            class="recharts-layer"
          />
        </g>
      </svg>
      <div
        class="recharts-tooltip-wrapper"
        style="visibility: hidden; pointer-events: none; position: absolute; top: 0px; left: 0px;"
        tabindex="-1"
      >
        <div
          class="recharts-default-tooltip"
          style="margin: 0px; padding: 10px; background-color: rgb(255, 255, 255); border: 1px solid rgb(204, 204, 204); white-space: nowrap;"
        >
          <p
            class="recharts-tooltip-label"
            style="margin: 0px;"
          />
        </div>
      </div>
    </div>
  </div>
</div>
`;
